// Jest Snapshot v1, https://goo.gl/fbAQLP

exports[`testing the article body component should test if the component renders the appropriate jsx elements 1`] = `ShallowWrapper {}`;
