// Jest Snapshot v1, https://goo.gl/fbAQLP

exports[`My Connected React-Redux Component should render the component 1`] = `
<div
  className="comment-holder mt-5"
>
  <div
    className="comment-holder__title ml-4"
  >
    <h3
      style={
        Object {
          "fontSize": "25px",
        }
      }
    >
      COMMENTS
    </h3>
    <div
      className="parent-reply-input"
    >
      <a
        href="/profile/undefined"
      />
      <textarea
        className="parent-reply-input__text-body ml-3"
        name="Reply-content"
        onChange={[Function]}
        placeholder="type your comment..."
        type="textarea"
        value=""
      />
      <button
        className="parent-reply-input__reply-button"
        onClick={[Function]}
        type="submit"
      >
        Comment
      </button>
    </div>
    <div
      style={Object {}}
    >
      <div
        className="infinite-scroll-component "
        style={
          Object {
            "WebkitOverflowScrolling": "touch",
            "height": "auto",
            "max-height": "70rem",
            "overflow": "scroll",
          }
        }
      >
        <div>
          <div
            className="media comment-body"
            style={
              Object {
                "marginTop": "70px",
              }
            }
          >
            <div
              className="media-body"
            >
              <h5
                className="mt-0"
              >
                <a
                  className="comment-body__writer-name"
                  href="/profile/BurindiAlain2"
                >
                  BurindiAlain2
                </a>
                <small
                  className="comment-body__timestamp"
                >
                  1 week ago
                </small>
              </h5>
              <p
                className="comment-body__text-comment"
              >
                premices this won't work
              </p>
              <div
                className="comment-icons"
              >
                <div>
                  <button
                    className="comment-icons__dislike-comment"
                    onClick={[Function]}
                    title="dislike"
                    type="button"
                  >
                    <i
                      className="fas fa-heart-broken"
                      id="dislike"
                    />
                     
                    <small
                      className="count_number"
                    >
                      0
                    </small>
                  </button>
                  <button
                    className="comment-icons__dislike-comment ml-2"
                    onClick={[Function]}
                    title="like"
                    type="button"
                  >
                    <i
                      className="fas fa-heart"
                      id="like"
                    />
                     
                    <small
                      className="count_number"
                    >
                      0
                    </small>
                  </button>
                </div>
                <button
                  className="comment-icons__dislike-comment ml-2"
                  data-target="#reasonModal"
                  data-toggle="modal"
                  title="report"
                  type="button"
                >
                  <i
                    className="fas fa-flag"
                    id="report"
                  />
                   
                </button>
                <button
                  className="comment-icons__dislike-comment ml-2"
                  onClick={[Function]}
                  title="edit"
                  type="button"
                >
                  <i
                    className="fas fa-edit"
                    id="edit"
                  />
                </button>
                <button
                  className="comment-icons__dislike-comment ml-2"
                  onClick={[Function]}
                  title="delete"
                  type="button"
                >
                  <i
                    className="fas fa-trash"
                    id="delete"
                  />
                </button>
                <div
                  aria-hidden="true"
                  aria-labelledby="reasonModalTitle"
                  className="modal fade"
                  id="reasonModal"
                  role="dialog"
                  tabIndex="-1"
                >
                  <div
                    className="modal-dialog modal-dialog-centered"
                    role="document"
                  >
                    <div
                      className="modal-content"
                    >
                      <div
                        className="modal-header"
                        style={
                          Object {
                            "textAlign": "center",
                          }
                        }
                      >
                        <h5
                          className="modal-title"
                          id="reasonModalTitle"
                          style={
                            Object {
                              "fontSize": "24px",
                            }
                          }
                        >
                          Report Reasons
                        </h5>
                        <button
                          aria-label="Close"
                          className="close"
                          data-dismiss="modal"
                          type="button"
                        >
                          <span
                            aria-hidden="true"
                          >
                            Ã—
                          </span>
                        </button>
                      </div>
                      <div
                        className="modal-body"
                      >
                        <div
                          className="radio"
                        >
                          <label>
                            <input
                              name="optradio"
                              onClick={[Function]}
                              style={
                                Object {
                                  "margin": "5px",
                                }
                              }
                              type="radio"
                              value="1"
                            />
                            It contains violent content
                          </label>
                        </div>
                        <div
                          className="radio"
                        >
                          <label>
                            <input
                              name="optradio"
                              onClick={[Function]}
                              style={
                                Object {
                                  "margin": "5px",
                                }
                              }
                              type="radio"
                              value="2"
                            />
                            this content exploits the minors
                          </label>
                        </div>
                        <div
                          className="radio disabled"
                        >
                          <label>
                            <input
                              name="optradio"
                              onClick={[Function]}
                              style={
                                Object {
                                  "margin": "5px",
                                }
                              }
                              type="radio"
                              value="3"
                            />
                            this content is being used for harassment
                          </label>
                        </div>
                        <div
                          className="radio disabled"
                        >
                          <label>
                            <input
                              name="optradio"
                              onClick={[Function]}
                              style={
                                Object {
                                  "margin": "5px",
                                }
                              }
                              type="radio"
                              value="4"
                            />
                            this content is a spam
                          </label>
                        </div>
                        <div
                          className="radio disabled"
                        >
                          <label>
                            <input
                              name="optradio"
                              onClick={[Function]}
                              style={
                                Object {
                                  "margin": "5px",
                                }
                              }
                              type="radio"
                              value="5"
                            />
                            this content violates the privacy of someone
                          </label>
                        </div>
                        <div
                          className="radio disabled"
                        >
                          <label>
                            <input
                              name="optradio"
                              onClick={[Function]}
                              style={
                                Object {
                                  "margin": "5px",
                                }
                              }
                              type="radio"
                              value="6"
                            />
                            this content violates the copyright and trademark infringement
                          </label>
                        </div>
                      </div>
                      <div
                        className="modal-footer"
                      >
                        <button
                          className="btn btn-secondary"
                          data-dismiss="modal"
                          type="button"
                        >
                          Close
                        </button>
                        <button
                          className="btn btn-primary"
                          onClick={[Function]}
                          type="button"
                        >
                          Report
                        </button>
                      </div>
                    </div>
                  </div>
                </div>
              </div>
              <button
                className="comment-body__view-more-replies"
                id="view-replies"
                onClick={[Function]}
                type="button"
              >
                View Replies
                 
                <i
                  className="fas fa-chevron-up"
                />
              </button>
            </div>
          </div>
          <div
            className="reply-holder-div"
          />
        </div>
      </div>
    </div>
  </div>
</div>
`;
