// Jest Snapshot v1, https://goo.gl/fbAQLP

exports[`testing the popular articles component should check if the component is rendering the proper jsx elements 1`] = `ShallowWrapper {}`;

exports[`testing the read popular articles action should dispatch the READ_ARTICLE action and payload 1`] = `undefined`;

exports[`testing the read popular articles action should dispatch the READ_ARTICLE action and payload and throws an error 1`] = `
Array [
  Object {
    "payload": undefined,
    "type": "GET_POPULAR_ARTICLES",
  },
]
`;
